plugins/AmpliconHunter/example//./batch_t0_b1.2bit
plugins/AmpliconHunter/example//./batch_t1_b1.2bit
plugins/AmpliconHunter/example//./batch_t2_b1.2bit
plugins/AmpliconHunter/example//./batch_t3_b1.2bit
plugins/AmpliconHunter/example//./batch_t4_b1.2bit
plugins/AmpliconHunter/example//./batch_t5_b1.2bit
plugins/AmpliconHunter/example//./batch_t6_b1.2bit
plugins/AmpliconHunter/example//./batch_t7_b1.2bit
